#-----------------------------------------------------------
# xsim v2025.2 (64-bit)
# SW Build 6299465 on Fri Nov 14 12:34:56 MST 2025
# IP Build 6300035 on Fri Nov 14 10:48:45 MST 2025
# SharedData Build 6298862 on Thu Nov 13 04:50:51 MST 2025
# Start of session at: Tue Feb 17 00:24:52 2026
# Process ID         : 48737
# Current directory  : /home/ika/Documents/digitales/github/monitoreo-de-temperatura/verif/work_vivado
# Command line       : xsim -mode tcl -source {xsim.dir/work.monitoreo_tb/xsim_script.tcl}
# Log file           : /home/ika/Documents/digitales/github/monitoreo-de-temperatura/verif/work_vivado/xsim.log
# Journal file       : /home/ika/Documents/digitales/github/monitoreo-de-temperatura/verif/work_vivado/xsim.jou
# Running On         : ika-5570
# Platform           : Ubuntu
# Operating System   : Ubuntu 24.04.3 LTS
# Processor Detail   : Intel(R) Core(TM) Ultra 7 155H
# CPU Frequency      : 2793.061 MHz
# CPU Physical cores : 16
# CPU Logical cores  : 22
# Host memory        : 33122 MB
# Swap memory        : 8192 MB
# Total Virtual      : 41314 MB
# Available Virtual  : 33572 MB
#-----------------------------------------------------------
source xsim.dir/work.monitoreo_tb/xsim_script.tcl
open_wave_config /home/ika/Documents/digitales/github/monitoreo-de-temperatura/verif/work_vivado/work.monitoreo_tb.wcfg
run -all
